Date split y/m/d: 2018/5/8
Start y/m/d: 2016/11/8
Top Level Folders: ['/data/News_data_raw/Financial_Times/all_current/', '/data/News_data_raw/Financial_Times/all_18m6_19m4/']
All Folders: ['/data/News_data_raw/Financial_Times/all_current/FT-archive-2005', '/data/News_data_raw/Financial_Times/all_current/FT-archive-2016', '/data/News_data_raw/Financial_Times/all_current/FT-archive-2008', '/data/News_data_raw/Financial_Times/all_current/FT-archive-2010', '/data/News_data_raw/Financial_Times/all_current/FT-archive-2012', '/data/News_data_raw/Financial_Times/all_current/FT-archive-2018 (1)', '/data/News_data_raw/Financial_Times/all_current/FT-archive-2011', '/data/News_data_raw/Financial_Times/all_current/FT-archive-2009', '/data/News_data_raw/Financial_Times/all_current/FT-archive-2006', '/data/News_data_raw/Financial_Times/all_current/FT-archive-2015', '/data/News_data_raw/Financial_Times/all_current/FT-archive-2013', '/data/News_data_raw/Financial_Times/all_current/FT-archive-2017 (1)', '/data/News_data_raw/Financial_Times/all_current/FT-archive-2007', '/data/News_data_raw/Financial_Times/all_current/FT-archive-2014', '/data/News_data_raw/Financial_Times/all_18m6_19m4/FT-archive-2019', '/data/News_data_raw/Financial_Times/all_18m6_19m4/FT-archive-2018 (2)']
Kept folders: ['/data/News_data_raw/Financial_Times/all_current/FT-archive-2016', '/data/News_data_raw/Financial_Times/all_current/FT-archive-2017 (1)', '/data/News_data_raw/Financial_Times/all_current/FT-archive-2018 (1)', '/data/News_data_raw/Financial_Times/all_18m6_19m4/FT-archive-2018 (2)']
While, y/m: 2016/11
Variety:: *2016-11*.json

While, y/m: 2016/12
Variety:: *2016-12*.json

While, y/m: 2017/1
Variety:: *2017-01*.json

While, y/m: 2017/2
Variety:: *2017-02*.json

While, y/m: 2017/3
Variety:: *2017-03*.json

While, y/m: 2017/4
Variety:: *2017-04*.json

While, y/m: 2017/5
Variety:: *2017-05*.json

While, y/m: 2017/6
Variety:: *2017-06*.json

While, y/m: 2017/7
Variety:: *2017-07*.json

While, y/m: 2017/8
Variety:: *2017-08*.json

While, y/m: 2017/9
Variety:: *2017-09*.json

While, y/m: 2017/10
Variety:: *2017-10*.json

While, y/m: 2017/11
Variety:: *2017-11*.json

While, y/m: 2017/12
Variety:: *2017-12*.json

While, y/m: 2018/1
Variety:: *2018-01*.json

While, y/m: 2018/2
Variety:: *2018-02*.json

While, y/m: 2018/3
Variety:: *2018-03*.json

While, y/m: 2018/4
Variety:: *2018-04*.json

While, y/m: 2018/5
Variety:: *2018-05*.json

File-list successfully written to: files_to_inspect_Argentina_May_2018.csv
